[Licensing::Module] Trying to connect to existing licensing client channel...
Built from '6000.4/staging' branch; Version is '6000.4.2f1 (7a4c1aeef971) revision 8014874'; Using compiler version '194234433'; Build Type 'Release'
[Licensing::IpcConnector] Successfully connected to: "LicenseClient-olive" at "2026-05-27T16:34:36.8222826Z"
OS: 'Windows 11  (10.0.26200) Professional' Language: 'pt' Physical Memory: 7895 MB
BatchMode: 1, IsHumanControllingUs: 0, StartBugReporterOnCrash: 0, Is64bit: 1
System  architecture: x64
Process architecture: x64
Date: 2026-05-27T16:34:36Z

COMMAND LINE ARGUMENTS:
C:\Program Files\Unity\Hub\Editor\6000.4.2f1\Editor\Unity.exe
-adb2
-batchMode
-noUpm
-name
AssetImportWorker0
-projectPath
C:/Users/olive/Tecnologias-Emergentes---Projeto-VR
-logFile
Logs/AssetImportWorker0.log
-srvPort
49477
-licensingIpc
LicenseClient-olive
-force-d3d12
-job-worker-count
5
-background-job-worker-count
8
-gc-helper-count
1
-name
AssetImport
Successfully changed project path to: C:/Users/olive/Tecnologias-Emergentes---Projeto-VR
C:/Users/olive/Tecnologias-Emergentes---Projeto-VR
[UnityMemory] Configuration Parameters - Can be set up in boot.config
    "memorysetup-temp-allocator-size-gi-baking-worker=262144"
    "memorysetup-temp-allocator-size-gi-baking-worker=262144"
    "memorysetup-temp-allocator-size-gi-baking-worker=262144"
    "memorysetup-temp-allocator-size-gi-baking-worker=262144"
    "memorysetup-temp-allocator-size-gi-baking-worker=262144"
    "memorysetup-temp-allocator-size-nav-mesh-worker=65536"
    "memorysetup-temp-allocator-size-audio-worker=65536"
    "memorysetup-temp-allocator-size-cloud-worker=32768"
    "memorysetup-temp-allocator-size-gfx=262144"
    "memorysetup-temp-allocator-size-preload-manager=33554432"
    "memorysetup-temp-allocator-size-job-worker=262144"
    "memorysetup-temp-allocator-size-background-worker=32768"
    "memorysetup-allocator-temp-initial-block-size-main=262144"
    "memorysetup-allocator-temp-initial-block-size-worker=262144"
    "memorysetup-bucket-allocator-granularity=16"
    "memorysetup-bucket-allocator-bucket-count=8"
    "memorysetup-bucket-allocator-block-size=33554432"
    "memorysetup-bucket-allocator-block-count=8"
    "memorysetup-main-allocator-block-size=16777216"
    "memorysetup-thread-allocator-block-size=16777216"
    "memorysetup-gfx-main-allocator-block-size=16777216"
    "memorysetup-gfx-thread-allocator-block-size=16777216"
    "memorysetup-cache-allocator-block-size=4194304"
    "memorysetup-typetree-allocator-block-size=2097152"
    "memorysetup-profiler-bucket-allocator-granularity=16"
    "memorysetup-profiler-bucket-allocator-bucket-count=8"
    "memorysetup-profiler-bucket-allocator-block-size=33554432"
    "memorysetup-profiler-bucket-allocator-block-count=8"
    "memorysetup-profiler-allocator-block-size=16777216"
    "memorysetup-profiler-editor-allocator-block-size=1048576"
    "memorysetup-temp-allocator-size-main=16777216"
    "memorysetup-job-temp-allocator-block-size=2097152"
    "memorysetup-job-temp-allocator-block-size-background=1048576"
    "memorysetup-job-temp-allocator-reduction-small-platforms=262144"
Player connection [45160]  Target information:

Player connection [45160]  * "[IP] 192.168.100.132 [Port] 0 [Flags] 2 [Guid] 1383004349 [EditorId] 1383004349 [Version] 1048832 [Id] WindowsEditor(7,pc_Filipe) [Debug] 1 [PackageName] WindowsEditor [ProjectName] Editor" 

Player connection [45160] Host joined multi-casting on [225.0.0.222:54997]...
Player connection [45160] Host joined alternative multi-casting on [225.0.0.222:34997]...
JobSystem: Creating JobQueue using job-worker-count value 5
Input System module state changed to: Initialized.
[Physics::Module] Initialized fallback backend.
[Physics::Module] Id: 0xdecafbad
Library Redirect Path: Library/
[Physics::Module] Selected backend.
[Physics::Module] Name: PhysX
[Physics::Module] Id: 0xf2b8ea05
[Physics::Module] SDK Version: 4.1.2
[Physics::Module] Integration Version: 1.0.0
[Physics::Module] Threading Mode: Multi-Threaded
Refreshing native plugins compatible for Editor in 129.26 ms, found 10 plugins.
Initialize engine version: 6000.4.2f1 (7a4c1aeef971)
[Subsystems] Discovering subsystems at path C:/Program Files/Unity/Hub/Editor/6000.4.2f1/Editor/Data/Resources/UnitySubsystems
[Subsystems] Discovering subsystems at path C:/Users/olive/Tecnologias-Emergentes---Projeto-VR/Assets
Forcing GfxDevice: Direct3D 12
GfxDevice: creating device client; kGfxThreadingModeNonThreaded
d3d12: failed to query info queue interface (0x80004002).
Direct3D:
    Version:         Direct3D 12 [level 12.2]
    Renderer:        NVIDIA GeForce RTX 3050 6GB Laptop GPU (ID=0x25ac)
    Vendor:          NVIDIA
    VRAM:            6002 MB
    App VRAM Budget: 5234 MB
    Driver:          32.0.15.8180
[Licensing::Client] Error: HandshakeResponse reported an error:
	ResponseCode: 505
	ResponseStatus: Unsupported protocol version '1.18.1'.
[Licensing::Module] Error: Failed to handshake to channel: "LicenseClient-olive"
[Licensing::IpcConnector] LicenseClient-olive channel disconnected successfully.
[Licensing::IpcConnector] Successfully connected to: "LicenseClient-olive-6000.4.2" at "2026-05-27T16:34:38.6115296Z"
Initialize mono
Mono path[0] = 'C:/Program Files/Unity/Hub/Editor/6000.4.2f1/Editor/Data/Managed'
Mono path[1] = 'C:/Program Files/Unity/Hub/Editor/6000.4.2f1/Editor/Data/MonoBleedingEdge/lib/mono/unityjit-win32'
Mono config path = 'C:/Program Files/Unity/Hub/Editor/6000.4.2f1/Editor/Data/MonoBleedingEdge/etc'
Using monoOptions --debugger-agent=transport=dt_socket,embedding=1,server=y,suspend=n,address=127.0.0.1:56772
CodeReloadManager initialized
Begin MonoManager ReloadAssembly
Registering precompiled unity dll's ...
Register platform support module: C:/Program Files/Unity/Hub/Editor/6000.4.2f1/Editor/Data/PlaybackEngines/WebGLSupport/UnityEditor.WebGL.Extensions.dll
[Licensing::Client] Handshaking with LicensingClient:
  Version:                 1.18.1+9fbee8e
  Session Id:              2be4520dd8b54f388330e148b070f1e7
  Correlation Id:          cebd5fa1d1316b885ae4ebf139a7bddc
  External correlation Id: 6708677433199956724
  Machine Id:              MJoB0y4bPPd5tJj0jW+6CONCpWk=
[Licensing::Module] Successfully connected to LicensingClient on channel: "LicenseClient-olive-6000.4.2" (connect: 0.02s, validation: 0.02s, handshake: 1.78s)
[Licensing::IpcConnector] Successfully connected to: "LicenseClient-olive-6000.4.2-notifications" at "2026-05-27T16:34:40.4172623Z"
[Licensing::Module] Licensing Background thread has ended after 3.60s
Register platform support module: C:/Program Files/Unity/Hub/Editor/6000.4.2f1/Editor/Data/PlaybackEngines/WindowsStandaloneSupport/UnityEditor.WindowsStandalone.Extensions.dll
Registered in 0.763520 seconds.
Native extension for WindowsStandalone target not found
Native extension for WebGL target not found
Package Manager log level set to [2]
[Package Manager] Failed to launch server process. Reason: Unity was launched with the -noUpm command-line argument
[Package Manager] Unable to send message (not connected to server process).
[Package Manager] Cannot connect to Unity Package Manager local server
ScheduleIndexationOnStartup MainProcess:False IndexOnStartup:True
Mono: successfully reloaded assembly
- Finished resetting the current domain, in  0.933 seconds
Domain Reload Profiling: 2503ms
	BeginReloadAssembly (270ms)
	RebuildCommonClasses (76ms)
	RebuildNativeTypeToScriptingClass (20ms)
	initialDomainReloadingComplete (901ms)
	LoadAllAssembliesAndSetupDomain (299ms)
		LoadAssemblies (270ms)
		AnalyzeDomain (279ms)
			TypeCache.Refresh (277ms)
				TypeCache.ScanAssembly (239ms)
	FinalizeReload (937ms)
		SetupLoadedEditorAssemblies (0ms)
			InitializePlatformSupportModulesInManaged (67ms)
			BeforeProcessingInitializeOnLoad (92ms)
			ProcessInitializeOnLoadAttributes (336ms)
			ProcessInitializeOnLoadMethodAttributes (277ms)
========================================================================
Worker process is ready to serve import requests
Import Worker Mode flag is 0x00
Begin MonoManager ReloadAssembly
[Licensing::Client] Successfully resolved entitlement details
[Licensing::Module] License group:
  Id: 4674186154622-UnityPersXXXX
  Product: Unity Personal
  Type: Assigned
  Expiration: Unlimited
Assembly Assembly-CSharp-Editor-firstpass.dll at Library/ScriptAssemblies/Assembly-CSharp-Editor-firstpass.dll not valid. Loading of assembly skipped.
Assembly Assembly-CSharp-Editor.dll at Library/ScriptAssemblies/Assembly-CSharp-Editor.dll not valid. Loading of assembly skipped.
Assembly Assembly-CSharp-firstpass.dll at Library/ScriptAssemblies/Assembly-CSharp-firstpass.dll not valid. Loading of assembly skipped.
Assembly DocCodeExamples.dll at Library/ScriptAssemblies/DocCodeExamples.dll not valid. Loading of assembly skipped.
Assembly TestNewCustomAssembly.dll at Library/ScriptAssemblies/TestNewCustomAssembly.dll not valid. Loading of assembly skipped.
Assembly Unity.InputSystem.IntegrationTests.dll at Library/ScriptAssemblies/Unity.InputSystem.IntegrationTests.dll not valid. Loading of assembly skipped.
Assembly Unity.Multiplayer.Center.Editor.Tests.dll at Library/ScriptAssemblies/Unity.Multiplayer.Center.Editor.Tests.dll not valid. Loading of assembly skipped.
Assembly Unity.Multiplayer.Center.Tests.dll at Library/ScriptAssemblies/Unity.Multiplayer.Center.Tests.dll not valid. Loading of assembly skipped.
Assembly Unity.Performance.Profile-Analyzer.EditorTests.dll at Library/ScriptAssemblies/Unity.Performance.Profile-Analyzer.EditorTests.dll not valid. Loading of assembly skipped.
Assembly Unity.Settings.Tests.dll at Library/ScriptAssemblies/Unity.Settings.Tests.dll not valid. Loading of assembly skipped.
Assembly Unity.TestTools.CodeCoverage.Editor.Compatibility.dll at Library/ScriptAssemblies/Unity.TestTools.CodeCoverage.Editor.Compatibility.dll not valid. Loading of assembly skipped.
Assembly Unity.TextMeshPro.Editor.Tests.dll at Library/ScriptAssemblies/Unity.TextMeshPro.Editor.Tests.dll not valid. Loading of assembly skipped.
Assembly Unity.TextMeshPro.Tests.dll at Library/ScriptAssemblies/Unity.TextMeshPro.Tests.dll not valid. Loading of assembly skipped.
Assembly Unity.XR.CoreUtils.CodeSamples.Tests.dll at Library/ScriptAssemblies/Unity.XR.CoreUtils.CodeSamples.Tests.dll not valid. Loading of assembly skipped.
Assembly Unity.XR.CoreUtils.Editor.Tests.dll at Library/ScriptAssemblies/Unity.XR.CoreUtils.Editor.Tests.dll not valid. Loading of assembly skipped.
Assembly Unity.XR.CoreUtils.Tests.dll at Library/ScriptAssemblies/Unity.XR.CoreUtils.Tests.dll not valid. Loading of assembly skipped.
Assembly Unity.XR.Management.EditorTests.dll at Library/ScriptAssemblies/Unity.XR.Management.EditorTests.dll not valid. Loading of assembly skipped.
Assembly Unity.XR.Management.TestPackage.dll at Library/ScriptAssemblies/Unity.XR.Management.TestPackage.dll not valid. Loading of assembly skipped.
Assembly Unity.XR.Management.TestPackage.Editor.dll at Library/ScriptAssemblies/Unity.XR.Management.TestPackage.Editor.dll not valid. Loading of assembly skipped.
Assembly Unity.XR.Management.Tests.dll at Library/ScriptAssemblies/Unity.XR.Management.Tests.dll not valid. Loading of assembly skipped.
Assembly Unity.XR.Management.Tests.Standalone.dll at Library/ScriptAssemblies/Unity.XR.Management.Tests.Standalone.dll not valid. Loading of assembly skipped.
Assembly Unity.XR.OpenXR.Editor.Tests.dll at Library/ScriptAssemblies/Unity.XR.OpenXR.Editor.Tests.dll not valid. Loading of assembly skipped.
Assembly Unity.XR.OpenXR.Tests.dll at Library/ScriptAssemblies/Unity.XR.OpenXR.Tests.dll not valid. Loading of assembly skipped.
Assembly Unity.XR.OpenXR.Ubuntu.Tests.dll at Library/ScriptAssemblies/Unity.XR.OpenXR.Ubuntu.Tests.dll not valid. Loading of assembly skipped.
Assembly Unity.XR.TestSupport.dll at Library/ScriptAssemblies/Unity.XR.TestSupport.dll not valid. Loading of assembly skipped.
Assembly UnityEditor.UI.Common.Tests.dll at Library/ScriptAssemblies/UnityEditor.UI.Common.Tests.dll not valid. Loading of assembly skipped.
Assembly UnityEditor.UI.EditorTests.dll at Library/ScriptAssemblies/UnityEditor.UI.EditorTests.dll not valid. Loading of assembly skipped.
Assembly UnityEditor.XR.LegacyInputHelpers.Tests.dll at Library/ScriptAssemblies/UnityEditor.XR.LegacyInputHelpers.Tests.dll not valid. Loading of assembly skipped.
Assembly UnityEngine.SpatialTracking.Tests.dll at Library/ScriptAssemblies/UnityEngine.SpatialTracking.Tests.dll not valid. Loading of assembly skipped.
Assembly UnityEngine.UI.Tests.dll at Library/ScriptAssemblies/UnityEngine.UI.Tests.dll not valid. Loading of assembly skipped.
Assembly UnityEngine.XR.OpenXR.CodeSamples.Editor.Tests.dll at Library/ScriptAssemblies/UnityEngine.XR.OpenXR.CodeSamples.Editor.Tests.dll not valid. Loading of assembly skipped.
Refreshing native plugins compatible for Editor in 83.18 ms, found 10 plugins.
Native extension for WindowsStandalone target not found
Native extension for WebGL target not found
[Package Manager] Failed to launch server process. Reason: Unity was launched with the -noUpm command-line argument
[Package Manager] Unable to send message (not connected to server process).
[Package Manager] Cannot connect to Unity Package Manager local server
Refreshing native plugins compatible for Editor in 33.47 ms, found 10 plugins.
[Package Manager] Failed to launch server process. Reason: Unity was launched with the -noUpm command-line argument
[Package Manager] Unable to send message (not connected to server process).
[Package Manager] Cannot connect to Unity Package Manager local server
ScheduleIndexationOnStartup MainProcess:False IndexOnStartup:True
Mono: successfully reloaded assembly
[Package Manager] Failed to launch server process. Reason: Unity was launched with the -noUpm command-line argument
[Package Manager] Unable to send message (not connected to server process).
[Package Manager] Cannot connect to Unity Package Manager local server
[Package Manager] Failed to launch server process. Reason: Unity was launched with the -noUpm command-line argument
[Package Manager] Unable to send message (not connected to server process).
[Package Manager] Cannot connect to Unity Package Manager local server
- Finished resetting the current domain, in  3.169 seconds
Domain Reload Profiling: 6849ms
	BeginReloadAssembly (1078ms)
		DisableScriptedObjects (37ms)
		CreateAndSetChildDomain (118ms)
	RebuildCommonClasses (212ms)
	RebuildNativeTypeToScriptingClass (44ms)
	initialDomainReloadingComplete (481ms)
	LoadAllAssembliesAndSetupDomain (1861ms)
		LoadAssemblies (1685ms)
		AnalyzeDomain (825ms)
			TypeCache.Refresh (646ms)
				TypeCache.ScanAssembly (596ms)
			BuildScriptInfoCaches (160ms)
			ResolveRequiredComponents (16ms)
	FinalizeReload (3172ms)
		SetupLoadedEditorAssemblies (0ms)
			InitializePlatformSupportModulesInManaged (11ms)
			BeforeProcessingInitializeOnLoad (592ms)
			ProcessInitializeOnLoadAttributes (1337ms)
			ProcessInitializeOnLoadMethodAttributes (627ms)
			AfterProcessingInitializeOnLoad (22ms)
		AwakeInstancesAfterBackupRestoration (29ms)
Launched and connected shader compiler UnityShaderCompiler.exe after 0.03 seconds
Refreshing native plugins compatible for Editor in 39.82 ms, found 10 plugins.
Unloading 0 Unused Serialized files (Serialized files now loaded: 0)
Unloading 4761 unused Assets / (1.0 MB). Loaded Objects now: 5369.
Memory consumption went from 103.2 MB to 102.2 MB.
Total: 34.192300 ms (FindLiveObjects: 1.225300 ms CreateObjectMapping: 2.152200 ms MarkObjects: 12.567100 ms  DeleteObjects: 18.242200 ms)

========================================================================
Received Import Request.
  Time since last request: 482537.792829 seconds.
  path: Assets/XR/Settings/OpenXRPackageSettings.asset
  importAddress: Guid(92159fdacf88bd4478112c51f92aaa27) Importer(2089858483,b0f066a214c2f5e87bad3c948f4d605d)
Start importing Assets/XR/Settings/OpenXRPackageSettings.asset using Guid(92159fdacf88bd4478112c51f92aaa27) Importer(2089858483,b0f066a214c2f5e87bad3c948f4d605d) (ScriptedImporter) -> (Import Result ID: '3eb1f3f8cc98ec1b48d4d863593a2011') in 0.5454814 seconds [static and dynamic dependencies]. Details - ImportResultOutputID=d90b2f6e35f0c6907f95a8f73e979503 DependenciesID=b26c3cc57019bd60982b41125b56b29b StaticDependenciesID=bdaef0cb79cc9e733025f511d57121a4 
Number of updated asset objects reloaded before import = 0Number of asset objects unloaded after import = 1

========================================================================
Received Import Request.
  Time since last request: 680.515356 seconds.
  path: Assets/TextMesh Pro/Examples & Extras/Resources/Fonts & Materials/Anton SDF - Drop Shadow.mat
  importAddress: Guid(749b9069dc4742c5bfa5c74644049926) Importer(815301076,1909f56bfc062723c751e8b465ee728b)
Start importing Assets/TextMesh Pro/Examples & Extras/Resources/Fonts & Materials/Anton SDF - Drop Shadow.mat using Guid(749b9069dc4742c5bfa5c74644049926) Importer(815301076,1909f56bfc062723c751e8b465ee728b) (PreviewImporter) -> (Import Result ID: 'f23a4422520af9c12a91bd5f818ded28') in 0.9275447 seconds [static and dynamic dependencies]. Details - ImportResultOutputID=661a9d5854468018601605e8a90d60b7 DependenciesID=1dcbfcdafa02c3dc115ddf26c142986a StaticDependenciesID=823ec525e3cc683fffceb1188c3d7666 
Number of updated asset objects reloaded before import = 0Number of asset objects unloaded after import = 2

========================================================================
Received Import Request.
  Time since last request: 0.001610 seconds.
  path: Assets/TextMesh Pro/Examples & Extras/Resources/Fonts & Materials/Bangers SDF Logo - URP.mat
  importAddress: Guid(6751ce1a4611b3940812c13a6847d94f) Importer(815301076,1909f56bfc062723c751e8b465ee728b)
Start importing Assets/TextMesh Pro/Examples & Extras/Resources/Fonts & Materials/Bangers SDF Logo - URP.mat using Guid(6751ce1a4611b3940812c13a6847d94f) Importer(815301076,1909f56bfc062723c751e8b465ee728b) (PreviewImporter) -> (Import Result ID: 'c1b71f1a924cad57eb82c9ec2751ae7e') in 0.1211777 seconds [static and dynamic dependencies]. Details - ImportResultOutputID=ffd434d1a1913a6cced5e0a0d0fce67c DependenciesID=aa6bf4adda11bf4d31ba20874db2bcc7 StaticDependenciesID=770e5708ac6b19628cc80d42b8cdadaa 
Number of updated asset objects reloaded before import = 0Number of asset objects unloaded after import = 4

========================================================================
Received Import Request.
  Time since last request: 0.000080 seconds.
  path: Assets/Scenes/Materials/Bottommat.mat
  importAddress: Guid(19753b2f7547dd04da83b8f4c5ae8dcd) Importer(815301076,1909f56bfc062723c751e8b465ee728b)
Start importing Assets/Scenes/Materials/Bottommat.mat using Guid(19753b2f7547dd04da83b8f4c5ae8dcd) Importer(815301076,1909f56bfc062723c751e8b465ee728b) (PreviewImporter) -> (Import Result ID: '1f8b1137bbbbc937194d83e052afae6b') in 0.3697714 seconds [static and dynamic dependencies]. Details - ImportResultOutputID=193906ddfaacf87bee6bb455418a19dc DependenciesID=8cbeb999a18e66915f4e48a57ff59d78 StaticDependenciesID=ec057e43f5ebb3be313a04d87bf0564a 
Number of updated asset objects reloaded before import = 0Number of asset objects unloaded after import = 3

========================================================================
Received Import Request.
  Time since last request: 0.000039 seconds.
  path: Assets/TextMesh Pro/Examples & Extras/Resources/Fonts & Materials/Anton SDF - Sunny Days.mat
  importAddress: Guid(6522f30e342599e4e9dd4cc2cc03c830) Importer(815301076,1909f56bfc062723c751e8b465ee728b)
Start importing Assets/TextMesh Pro/Examples & Extras/Resources/Fonts & Materials/Anton SDF - Sunny Days.mat using Guid(6522f30e342599e4e9dd4cc2cc03c830) Importer(815301076,1909f56bfc062723c751e8b465ee728b) (PreviewImporter) -> (Import Result ID: '584650b764f482274179c9627d1483e9') in 0.2098161 seconds [static and dynamic dependencies]. Details - ImportResultOutputID=f85200ceab73ae40a7cfc70431883ea7 DependenciesID=ae6ed7dd68f12ee65dd803762d64db27 StaticDependenciesID=ea1664dc7e1099c767d10ec8dd52302d 
Number of updated asset objects reloaded before import = 0Number of asset objects unloaded after import = 4

========================================================================
Received Import Request.
  Time since last request: 0.000059 seconds.
  path: Assets/Scenes/Materials/Bodymat.mat
  importAddress: Guid(a09b0796ad1585b479b75f14299a9915) Importer(815301076,1909f56bfc062723c751e8b465ee728b)
Start importing Assets/Scenes/Materials/Bodymat.mat using Guid(a09b0796ad1585b479b75f14299a9915) Importer(815301076,1909f56bfc062723c751e8b465ee728b) (PreviewImporter) -> (Import Result ID: 'f912fd4815c59426e2ab0a1383c77d3e') in 0.0683749 seconds [static and dynamic dependencies]. Details - ImportResultOutputID=17a8492acb6776bf7721ffacf1b82250 DependenciesID=32b9f01d83327effdee0dd5fea94ce5e StaticDependenciesID=06bcd47b2201aa62fdca092b2e7eea4c 
Number of updated asset objects reloaded before import = 0Number of asset objects unloaded after import = 3

========================================================================
Received Import Request.
  Time since last request: 0.000038 seconds.
  path: Assets/TextMesh Pro/Examples & Extras/Resources/Fonts & Materials/Bangers SDF Logo.mat
  importAddress: Guid(f4e195ac1e204eff960149d1cb34e18c) Importer(815301076,1909f56bfc062723c751e8b465ee728b)
Start importing Assets/TextMesh Pro/Examples & Extras/Resources/Fonts & Materials/Bangers SDF Logo.mat using Guid(f4e195ac1e204eff960149d1cb34e18c) Importer(815301076,1909f56bfc062723c751e8b465ee728b) (PreviewImporter) -> (Import Result ID: '2db2e3650a75715072d4c45bb003d5ef') in 0.3161372 seconds [static and dynamic dependencies]. Details - ImportResultOutputID=bf0deb44c8b2b0a2d938ecdb9dfb100e DependenciesID=bc96b6e5f95b3617cbaebfff31719d7c StaticDependenciesID=7ff47e2e6c1d478eaa888ae69188c8b6 
Number of updated asset objects reloaded before import = 0Number of asset objects unloaded after import = 4

========================================================================
Received Import Request.
  Time since last request: 99.952769 seconds.
  path: Assets/XR/XRGeneralSettingsPerBuildTarget.asset
  importAddress: Guid(236df9f02a92c07458a331e6ba8422ec) Importer(815301076,1909f56bfc062723c751e8b465ee728b)
Start importing Assets/XR/XRGeneralSettingsPerBuildTarget.asset using Guid(236df9f02a92c07458a331e6ba8422ec) Importer(815301076,1909f56bfc062723c751e8b465ee728b) (PreviewImporter) -> (Import Result ID: '2ce13ea105da2f0486b6f6adeba2b8e6') in 0.0489129 seconds [static and dynamic dependencies]. Details - ImportResultOutputID=d28e0aadcf4a8dab80b3bb62c7a76698 DependenciesID=72763a753ea05af30928bc1b9e9f7311 StaticDependenciesID=e3a1295ae79aa036a85bc09a5e4d7031 
Number of updated asset objects reloaded before import = 0Number of asset objects unloaded after import = 6

========================================================================
Received Import Request.
  Time since last request: 20.162271 seconds.
  path: Assets/Scenes/SampleScene.unity
  importAddress: Guid(9fc0d4010bbf28b4594072e72b8655ab) Importer(815301076,1909f56bfc062723c751e8b465ee728b)
Start importing Assets/Scenes/SampleScene.unity using Guid(9fc0d4010bbf28b4594072e72b8655ab) Importer(815301076,1909f56bfc062723c751e8b465ee728b) (PreviewImporter) -> (Import Result ID: 'ec173c4d6b2d712edd3340287be4cc24') in 0.0052478 seconds [static and dynamic dependencies]. Details - ImportResultOutputID=13084614189807a3e4352c2e50be9910 DependenciesID=71bfa563bb1991526acf43a1240dd48d StaticDependenciesID=d8ea253f24c91634783e3119ab2eaba6 
Number of updated asset objects reloaded before import = 0Number of asset objects unloaded after import = 0

========================================================================
Received Import Request.
  Time since last request: 7.448219 seconds.
  path: Assets/InteriorCasa.unity
  importAddress: Guid(0bf62ec41d163294486bfec7ac4199cd) Importer(815301076,1909f56bfc062723c751e8b465ee728b)
Start importing Assets/InteriorCasa.unity using Guid(0bf62ec41d163294486bfec7ac4199cd) Importer(815301076,1909f56bfc062723c751e8b465ee728b) (PreviewImporter) -> (Import Result ID: '7b88df18b3fef3923b52c3038a8569dc') in 0.00143 seconds [static and dynamic dependencies]. Details - ImportResultOutputID=31a78864491856eb9df4463a94fc7daf DependenciesID=89db5517d0dcb81f25f2e0576f744dc1 StaticDependenciesID=5817d8ee79a17de410fe870b4ee15236 
Number of updated asset objects reloaded before import = 0Number of asset objects unloaded after import = 0

========================================================================
Received Import Request.
  Time since last request: 37.149421 seconds.
  path: Assets/Scenes/Scripts
  importAddress: Guid(9b2c793e7cd0f9949992b825fa41d202) Importer(815301076,1909f56bfc062723c751e8b465ee728b)
Start importing Assets/Scenes/Scripts using Guid(9b2c793e7cd0f9949992b825fa41d202) Importer(815301076,1909f56bfc062723c751e8b465ee728b) (PreviewImporter) -> (Import Result ID: '8b9107084b6dee662f9d0db725dea72a') in 0.0015069 seconds [static and dynamic dependencies]. Details - ImportResultOutputID=4e32075589dd4f19f2ac4520aaa20c5e DependenciesID=eed782a88e2c91af07555df99bbf5b06 StaticDependenciesID=b18a865468b7cb61f2be6628e3062339 
Number of updated asset objects reloaded before import = 0Number of asset objects unloaded after import = 0

========================================================================
Received Import Request.
  Time since last request: 18.133511 seconds.
  path: Assets/TextMesh Pro/Examples & Extras/Materials/Crate - Surface Shader Scene.mat
  importAddress: Guid(e6b9b44320f4448d9d5e0ee634259966) Importer(815301076,1909f56bfc062723c751e8b465ee728b)
Start importing Assets/TextMesh Pro/Examples & Extras/Materials/Crate - Surface Shader Scene.mat using Guid(e6b9b44320f4448d9d5e0ee634259966) Importer(815301076,1909f56bfc062723c751e8b465ee728b) (PreviewImporter) -> (Import Result ID: '8b07ede9a741649485d80e9b712ab3c3') in 0.6756653 seconds [static and dynamic dependencies]. Details - ImportResultOutputID=fc8cb70b94e67b795e0dc34547ad12b1 DependenciesID=0bfecc4ee60f4fb3891c8f2e5a07b738 StaticDependenciesID=8074fcb08538e3316c20ba2755f2b733 
Number of updated asset objects reloaded before import = 0Number of asset objects unloaded after import = 3

========================================================================
Received Import Request.
  Time since last request: 0.000042 seconds.
  path: Assets/TextMesh Pro/Examples & Extras/Fonts/Unity.ttf
  importAddress: Guid(f4eec857a4fdf2f43be0e9f3d1a984e7) Importer(815301076,1909f56bfc062723c751e8b465ee728b)
Start importing Assets/TextMesh Pro/Examples & Extras/Fonts/Unity.ttf using Guid(f4eec857a4fdf2f43be0e9f3d1a984e7) Importer(815301076,1909f56bfc062723c751e8b465ee728b) (PreviewImporter) -> (Import Result ID: '869ff8292d8660cd3d7dfb67913f3ba9') in 0.0895809 seconds [static and dynamic dependencies]. Details - ImportResultOutputID=38d151f1168295f05a7cff734985aad3 DependenciesID=5ff3bd51aa2ff8af2c7185093ea5ddbe StaticDependenciesID=23b8b71f9e79757961524056b6b22050 
Number of updated asset objects reloaded before import = 0Number of asset objects unloaded after import = 4

========================================================================
Received Import Request.
  Time since last request: 0.000075 seconds.
  path: Assets/TextMesh Pro/Examples & Extras/Resources/Fonts & Materials/LiberationSans SDF - Overlay.mat
  importAddress: Guid(9ad269c99dcf42b7aedefd83dd5a7b9d) Importer(815301076,1909f56bfc062723c751e8b465ee728b)
Start importing Assets/TextMesh Pro/Examples & Extras/Resources/Fonts & Materials/LiberationSans SDF - Overlay.mat using Guid(9ad269c99dcf42b7aedefd83dd5a7b9d) Importer(815301076,1909f56bfc062723c751e8b465ee728b) (PreviewImporter) -> (Import Result ID: '1c2d0c54183f6fc3e66121acb6163b78') in 0.0797717 seconds [static and dynamic dependencies]. Details - ImportResultOutputID=7e9ef21028c0a68126da163fe436b054 DependenciesID=5b35ee1167b6274c195dbd67b2e59127 StaticDependenciesID=390a3c22eaba7cb264d14ee0e8a2ae2c 
Number of updated asset objects reloaded before import = 0Number of asset objects unloaded after import = 2

========================================================================
Received Import Request.
  Time since last request: 0.000028 seconds.
  path: Packages/com.unity.collab-proxy/Editor/Assets/Fonts/Cascadia.ttf
  importAddress: Guid(9229ae5dbc38f488d921156ff75869e9) Importer(815301076,1909f56bfc062723c751e8b465ee728b)
Start importing Packages/com.unity.collab-proxy/Editor/Assets/Fonts/Cascadia.ttf using Guid(9229ae5dbc38f488d921156ff75869e9) Importer(815301076,1909f56bfc062723c751e8b465ee728b) (PreviewImporter) -> (Import Result ID: 'eb591b55121aa1ae941680981060564b') in 0.0219095 seconds [static and dynamic dependencies]. Details - ImportResultOutputID=4bd5c0d3eb659877ea8bf5318df2c21d DependenciesID=c7200c636f9a81611a3153f49cb68e1c StaticDependenciesID=5441304326031bec6744aebabd9ed593 
Number of updated asset objects reloaded before import = 0Number of asset objects unloaded after import = 4

========================================================================
Received Import Request.
  Time since last request: 0.000026 seconds.
  path: Assets/TextMesh Pro/Examples & Extras/Fonts/Electronic Highway Sign.TTF
  importAddress: Guid(8a2b9e2a607dd2143b58c44bc32410b4) Importer(815301076,1909f56bfc062723c751e8b465ee728b)
Start importing Assets/TextMesh Pro/Examples & Extras/Fonts/Electronic Highway Sign.TTF using Guid(8a2b9e2a607dd2143b58c44bc32410b4) Importer(815301076,1909f56bfc062723c751e8b465ee728b) (PreviewImporter) -> (Import Result ID: '60bd054d88ea5273037ec2f7a7a985d5') in 0.0221667 seconds [static and dynamic dependencies]. Details - ImportResultOutputID=7a8051881cc14798d93de1df6123e656 DependenciesID=55ea2af099bdfed4c79f87d6725b13d1 StaticDependenciesID=2b4d6d94bff6314658a33c4d23a13be2 
Number of updated asset objects reloaded before import = 0Number of asset objects unloaded after import = 4

========================================================================
Received Import Request.
  Time since last request: 0.000026 seconds.
  path: Assets/TextMesh Pro/Fonts/LiberationSans.ttf
  importAddress: Guid(e3265ab4bf004d28a9537516768c1c75) Importer(815301076,1909f56bfc062723c751e8b465ee728b)
Start importing Assets/TextMesh Pro/Fonts/LiberationSans.ttf using Guid(e3265ab4bf004d28a9537516768c1c75) Importer(815301076,1909f56bfc062723c751e8b465ee728b) (PreviewImporter) -> (Import Result ID: 'dba1f0ab1b72f22e026565197b2ddc15') in 0.0281996 seconds [static and dynamic dependencies]. Details - ImportResultOutputID=66b7e74c3d1b30061bdcc3359b15930c DependenciesID=afc037d8b4ca331f2484ac3d73795a4b StaticDependenciesID=c45c4f5f9a6966af5ef23cf802d63284 
Number of updated asset objects reloaded before import = 0Number of asset objects unloaded after import = 4

========================================================================
Received Import Request.
  Time since last request: 0.000026 seconds.
  path: Assets/TextMesh Pro/Examples & Extras/Materials/Ground - Surface Shader Scene.mat
  importAddress: Guid(aadd5a709a48466c887296bb5b1b8110) Importer(815301076,1909f56bfc062723c751e8b465ee728b)
Start importing Assets/TextMesh Pro/Examples & Extras/Materials/Ground - Surface Shader Scene.mat using Guid(aadd5a709a48466c887296bb5b1b8110) Importer(815301076,1909f56bfc062723c751e8b465ee728b) (PreviewImporter) -> (Import Result ID: '90d10ef3c9ddec6aeb40ab5bdc5ebd85') in 0.1040271 seconds [static and dynamic dependencies]. Details - ImportResultOutputID=f909caaeef7db0f11c2159a8674a718d DependenciesID=4078a15f1750eea13c7eb36a2be0104b StaticDependenciesID=9b1b6baa51ff3d36a81e21333653f45d 
Number of updated asset objects reloaded before import = 0Number of asset objects unloaded after import = 2

========================================================================
Received Import Request.
  Time since last request: 0.000044 seconds.
  path: Assets/TextMesh Pro/Examples & Extras/Resources/Fonts & Materials/Roboto-Bold SDF - Drop Shadow.mat
  importAddress: Guid(b246c4190f4e46ec9352fe15a7b09ce0) Importer(815301076,1909f56bfc062723c751e8b465ee728b)
Start importing Assets/TextMesh Pro/Examples & Extras/Resources/Fonts & Materials/Roboto-Bold SDF - Drop Shadow.mat using Guid(b246c4190f4e46ec9352fe15a7b09ce0) Importer(815301076,1909f56bfc062723c751e8b465ee728b) (PreviewImporter) -> (Import Result ID: 'c299af497247b82eabdb84bde0221160') in 0.0189119 seconds [static and dynamic dependencies]. Details - ImportResultOutputID=7957323c267d5d5b7ff31d288416edff DependenciesID=e1db19d94bfb9e6359bdd405e8ba6a89 StaticDependenciesID=734bc195fbda99b35670ac6f20221150 
Number of updated asset objects reloaded before import = 0Number of asset objects unloaded after import = 2

========================================================================
Received Import Request.
  Time since last request: 0.000458 seconds.
  path: Assets/TextMesh Pro/Examples & Extras/Materials/Ground - Logo Scene.mat
  importAddress: Guid(c719e38f25a9480abd2480ab621a2949) Importer(815301076,1909f56bfc062723c751e8b465ee728b)
Start importing Assets/TextMesh Pro/Examples & Extras/Materials/Ground - Logo Scene.mat using Guid(c719e38f25a9480abd2480ab621a2949) Importer(815301076,1909f56bfc062723c751e8b465ee728b) (PreviewImporter) -> (Import Result ID: 'fd5eaf0c070170bd757aaf6f00e1771e') in 0.0370473 seconds [static and dynamic dependencies]. Details - ImportResultOutputID=6b8e72447bc5568556b852d9f0137d62 DependenciesID=423edc65c36e89b9910a6044c4c43612 StaticDependenciesID=64a644d1d7bef1e78add0c5a9e12c423 
Number of updated asset objects reloaded before import = 0Number of asset objects unloaded after import = 2

========================================================================
Received Import Request.
  Time since last request: 0.000027 seconds.
  path: Assets/TextMesh Pro/Examples & Extras/Resources/Fonts & Materials/Roboto-Bold SDF - HDRP Unlit.mat
  importAddress: Guid(2ddca8f46aa0838419d568affb0ca6b4) Importer(815301076,1909f56bfc062723c751e8b465ee728b)
Start importing Assets/TextMesh Pro/Examples & Extras/Resources/Fonts & Materials/Roboto-Bold SDF - HDRP Unlit.mat using Guid(2ddca8f46aa0838419d568affb0ca6b4) Importer(815301076,1909f56bfc062723c751e8b465ee728b) (PreviewImporter) -> (Import Result ID: '43c1112682507875ff3f3a92cf6c1d9b') in 0.0381511 seconds [static and dynamic dependencies]. Details - ImportResultOutputID=37a65e3bcff2bc733fc87cbc68f0eace DependenciesID=606701e87b3ec9c2913f020675aa6533 StaticDependenciesID=bcec7500146fb3a4ae20338aa5c18835 
Number of updated asset objects reloaded before import = 0Number of asset objects unloaded after import = 3

========================================================================
Received Import Request.
  Time since last request: 0.000028 seconds.
  path: Assets/TextMesh Pro/Examples & Extras/Resources/Fonts & Materials/Unity SDF.asset
  importAddress: Guid(c9adb1f542a93ae489bacfeae21e8394) Importer(815301076,1909f56bfc062723c751e8b465ee728b)
Start importing Assets/TextMesh Pro/Examples & Extras/Resources/Fonts & Materials/Unity SDF.asset using Guid(c9adb1f542a93ae489bacfeae21e8394) Importer(815301076,1909f56bfc062723c751e8b465ee728b) (PreviewImporter) -> (Import Result ID: '7bd304213a9bb12089ee72b3334c258f') in 0.1143703 seconds [static and dynamic dependencies]. Details - ImportResultOutputID=b0713bf9e202738d256b0e46bf8ce03f DependenciesID=a668b56e122fd21bb39b3cc98a8fb88b StaticDependenciesID=d5cf3e103607cc3004bb8c07e37a7578 
Number of updated asset objects reloaded before import = 0Number of asset objects unloaded after import = 4

========================================================================
Received Import Request.
  Time since last request: 0.000074 seconds.
  path: Assets/Scenes/Materials/Topmat.mat
  importAddress: Guid(ebda385cdae91b94a9c39c9833dacc67) Importer(815301076,1909f56bfc062723c751e8b465ee728b)
Start importing Assets/Scenes/Materials/Topmat.mat using Guid(ebda385cdae91b94a9c39c9833dacc67) Importer(815301076,1909f56bfc062723c751e8b465ee728b) (PreviewImporter) -> (Import Result ID: '2375493c7666edede9b94f54b7d3e3a5') in 0.0367515 seconds [static and dynamic dependencies]. Details - ImportResultOutputID=f60f7ae5231d23a74031bfbfe7db6ca3 DependenciesID=14c04494a8bc521dfae1d5a9ac3d0bf6 StaticDependenciesID=628425bf35e472d52799b244b895cf35 
Number of updated asset objects reloaded before import = 0Number of asset objects unloaded after import = 3

========================================================================
Received Import Request.
  Time since last request: 0.000073 seconds.
  path: Assets/TextMesh Pro/Examples & Extras/Resources/Fonts & Materials/Roboto-Bold SDF.asset
  importAddress: Guid(5302535af1044152a457ed104f1f4b91) Importer(815301076,1909f56bfc062723c751e8b465ee728b)
Start importing Assets/TextMesh Pro/Examples & Extras/Resources/Fonts & Materials/Roboto-Bold SDF.asset using Guid(5302535af1044152a457ed104f1f4b91) Importer(815301076,1909f56bfc062723c751e8b465ee728b) (PreviewImporter) -> (Import Result ID: '107a19d4c5b444f4b855344325a57d0d') in 0.0758 seconds [static and dynamic dependencies]. Details - ImportResultOutputID=ff7e33f8f488b45d190d212a4adb9c95 DependenciesID=c43222502669222941720b913d1e1805 StaticDependenciesID=1a0284c3eb5900256453ceeab657782c 
Number of updated asset objects reloaded before import = 0Number of asset objects unloaded after import = 6

========================================================================
Received Import Request.
  Time since last request: 0.000035 seconds.
  path: Assets/Scenes/Materials/Eyelashmat.mat
  importAddress: Guid(8e4acc59f8bbbef44ae514e301c3cbd4) Importer(815301076,1909f56bfc062723c751e8b465ee728b)
Start importing Assets/Scenes/Materials/Eyelashmat.mat using Guid(8e4acc59f8bbbef44ae514e301c3cbd4) Importer(815301076,1909f56bfc062723c751e8b465ee728b) (PreviewImporter) -> (Import Result ID: '87eee5e64d573af83ec20a68e5e4ca9f') in 0.0662593 seconds [static and dynamic dependencies]. Details - ImportResultOutputID=ae22f6a00ce9aaa45768cd935061dafe DependenciesID=68d9b69abbac2280f7e5c0bc68722025 StaticDependenciesID=a8bfd13660daca76383a80854538152e 
Number of updated asset objects reloaded before import = 0Number of asset objects unloaded after import = 3

========================================================================
Received Import Request.
  Time since last request: 0.000035 seconds.
  path: Assets/TextMesh Pro/Examples & Extras/Resources/Fonts & Materials/Unity SDF - HDRP LIT - Bloom.mat
  importAddress: Guid(8d176c01131de8f46ad61094e29d79b2) Importer(815301076,1909f56bfc062723c751e8b465ee728b)
Start importing Assets/TextMesh Pro/Examples & Extras/Resources/Fonts & Materials/Unity SDF - HDRP LIT - Bloom.mat using Guid(8d176c01131de8f46ad61094e29d79b2) Importer(815301076,1909f56bfc062723c751e8b465ee728b) (PreviewImporter) -> (Import Result ID: 'e5132e7de15e77357194d70dfe09abc1') in 0.0592091 seconds [static and dynamic dependencies]. Details - ImportResultOutputID=6d954ae288e44b4a2dc70be19b2e066d DependenciesID=639a30873680ab8766a4f58cc3234d42 StaticDependenciesID=4d0a8677dcb1c8f09b2ce634607e9970 
Number of updated asset objects reloaded before import = 0Number of asset objects unloaded after import = 2

========================================================================
Received Import Request.
  Time since last request: 0.000027 seconds.
  path: Assets/Scenes/Materials/Shoesmat.mat
  importAddress: Guid(d73d2a8b5ce4f8548a63dcd0f24f4670) Importer(815301076,1909f56bfc062723c751e8b465ee728b)
Start importing Assets/Scenes/Materials/Shoesmat.mat using Guid(d73d2a8b5ce4f8548a63dcd0f24f4670) Importer(815301076,1909f56bfc062723c751e8b465ee728b) (PreviewImporter) -> (Import Result ID: 'ab84d1cf8ac2690f26679a72ed927916') in 0.0578553 seconds [static and dynamic dependencies]. Details - ImportResultOutputID=f13aac813b0d78c77cafe3409ac8cf4e DependenciesID=0b1435eea33b977d20a7f9781f91c2a1 StaticDependenciesID=5d51e3dff6c75d33749299435fcae24c 
Number of updated asset objects reloaded before import = 0Number of asset objects unloaded after import = 3

========================================================================
Received Import Request.
  Time since last request: 0.000063 seconds.
  path: Assets/TextMesh Pro/Examples & Extras/Resources/Fonts & Materials/Roboto-Bold SDF - Surface.mat
  importAddress: Guid(e6b276ec991f467aa14ef1f3cc665993) Importer(815301076,1909f56bfc062723c751e8b465ee728b)
Start importing Assets/TextMesh Pro/Examples & Extras/Resources/Fonts & Materials/Roboto-Bold SDF - Surface.mat using Guid(e6b276ec991f467aa14ef1f3cc665993) Importer(815301076,1909f56bfc062723c751e8b465ee728b) (PreviewImporter) -> (Import Result ID: '5fb0879288861898c8cfd2cf16ed4ced') in 0.1327445 seconds [static and dynamic dependencies]. Details - ImportResultOutputID=4d276dae56b3fd764762feec24a3a462 DependenciesID=bd5ae3e3c6b877da9ab05dfa1e3a737b StaticDependenciesID=17fb37beb770332f6a9f6b8c7a0c99d7 
Number of updated asset objects reloaded before import = 0Number of asset objects unloaded after import = 2

========================================================================
Received Import Request.
  Time since last request: 0.723931 seconds.
  path: Packages/com.unity.xr.legacyinputhelpers/Prefabs/XRRig.prefab
  importAddress: Guid(c116b7497ab8ca34c9188965d4295e27) Importer(815301076,1909f56bfc062723c751e8b465ee728b)
Start importing Packages/com.unity.xr.legacyinputhelpers/Prefabs/XRRig.prefab using Guid(c116b7497ab8ca34c9188965d4295e27) Importer(815301076,1909f56bfc062723c751e8b465ee728b) (PreviewImporter) -> (Import Result ID: '433074684aa6a7642d42677c37652efd') in 0.0478514 seconds [static and dynamic dependencies]. Details - ImportResultOutputID=ac20bff45609d0d8a9cea8b4344c6b22 DependenciesID=da9bc1bc0ed3462080a194a3e8e58604 StaticDependenciesID=4644b32cd888ca8fde713f78fea095bd 
Number of updated asset objects reloaded before import = 0Number of asset objects unloaded after import = 11

